// Jest Snapshot v1, https://goo.gl/fbAQLP

exports[`Pruebas en <App/> Debe mostrar correctamente 1`] = `
<Component
  theme={
    Object {
      "background": "#363537",
      "body": "#FFF",
      "text": "#363537",
      "toggleBorder": "#FFF",
    }
  }
>
  <Memo(l) />
  <Switch
    setTheme={[Function]}
    theme="light"
  />
  <styled.div>
    <Header
      cambiarMostrarCompletadas={[Function]}
      mostrarCompletadas={true}
    />
    <FormularioTareas
      cambiarTareas={[Function]}
      tareas={Array []}
    />
    <ListaTareas
      cambiarTareas={[Function]}
      mostrarCompletadas={true}
      tareas={Array []}
    />
  </styled.div>
</Component>
`;
